// Jest Snapshot v1, https://goo.gl/fbAQLP

exports[`Test Page type Test fields 1`] = `
Array [
  "id",
  "date",
  "dateGMT",
  "guid",
  "modified",
  "modifiedGMT",
  "slug",
  "type",
  "link",
  "title",
  "content",
  "excerpt",
  "commentStatus",
  "pingStatus",
  "template",
  "author",
  "featuredMedia",
  "meta",
  "parent",
  "menuOrder",
]
`;

exports[`Test Page type Test name 1`] = `"Page"`;

exports[`Test Page type Test resolve parent 1`] = `
Page {
  "id": 69,
}
`;
