// Jest Snapshot v1, https://goo.gl/fbAQLP

exports[`Test Page data access Get backup endpoint 1`] = `"graphql/v1/pages"`;

exports[`Test Page data access Get endpoint 1`] = `"graphql/v1/pages"`;
