// Jest Snapshot v1, https://goo.gl/fbAQLP

exports[`Test Sidebar data access Get backup endpoint 1`] = `"graphql/v1/sidebars"`;

exports[`Test Sidebar data access Get endpoint 1`] = `"graphql/v1/sidebars"`;
