// Jest Snapshot v1, https://goo.gl/fbAQLP

exports[`Test Tag data access Get backup endpoint 1`] = `"wp/v2/tags"`;

exports[`Test Tag data access Get endpoint 1`] = `"wp/v2/tags"`;
