// Jest Snapshot v1, https://goo.gl/fbAQLP

exports[`Test Taxonomy data access Get backup endpoint 1`] = `"graphql/v1/taxonomies"`;

exports[`Test Taxonomy data access Get endpoint 1`] = `"graphql/v1/taxonomies"`;
