// Jest Snapshot v1, https://goo.gl/fbAQLP

exports[`Test enum values FORMAT values 1`] = `
Array [
  Object {
    "deprecationReason": undefined,
    "description": undefined,
    "isDeprecated": false,
    "name": "STANDARD",
    "value": "standard",
  },
  Object {
    "deprecationReason": undefined,
    "description": undefined,
    "isDeprecated": false,
    "name": "ASIDE",
    "value": "aside",
  },
  Object {
    "deprecationReason": undefined,
    "description": undefined,
    "isDeprecated": false,
    "name": "CHAT",
    "value": "chat",
  },
  Object {
    "deprecationReason": undefined,
    "description": undefined,
    "isDeprecated": false,
    "name": "GALLERY",
    "value": "gallery",
  },
  Object {
    "deprecationReason": undefined,
    "description": undefined,
    "isDeprecated": false,
    "name": "LINK",
    "value": "link",
  },
  Object {
    "deprecationReason": undefined,
    "description": undefined,
    "isDeprecated": false,
    "name": "IMAGE",
    "value": "image",
  },
  Object {
    "deprecationReason": undefined,
    "description": undefined,
    "isDeprecated": false,
    "name": "QUOTE",
    "value": "quote",
  },
  Object {
    "deprecationReason": undefined,
    "description": undefined,
    "isDeprecated": false,
    "name": "STATUS",
    "value": "status",
  },
  Object {
    "deprecationReason": undefined,
    "description": undefined,
    "isDeprecated": false,
    "name": "VIDEO",
    "value": "video",
  },
  Object {
    "deprecationReason": undefined,
    "description": undefined,
    "isDeprecated": false,
    "name": "AUDIO",
    "value": "audio",
  },
]
`;
