// Jest Snapshot v1, https://goo.gl/fbAQLP

exports[`Test enum values TAXONOMY_ORDERBY values 1`] = `
Array [
  Object {
    "deprecationReason": undefined,
    "description": undefined,
    "isDeprecated": false,
    "name": "ID",
    "value": "id",
  },
  Object {
    "deprecationReason": undefined,
    "description": undefined,
    "isDeprecated": false,
    "name": "INCLUDE",
    "value": "include",
  },
  Object {
    "deprecationReason": undefined,
    "description": undefined,
    "isDeprecated": false,
    "name": "NAME",
    "value": "name",
  },
  Object {
    "deprecationReason": undefined,
    "description": undefined,
    "isDeprecated": false,
    "name": "SLUG",
    "value": "slug",
  },
  Object {
    "deprecationReason": undefined,
    "description": undefined,
    "isDeprecated": false,
    "name": "TERM_GROUP",
    "value": "term_group",
  },
  Object {
    "deprecationReason": undefined,
    "description": undefined,
    "isDeprecated": false,
    "name": "DESCRIPTION",
    "value": "description",
  },
  Object {
    "deprecationReason": undefined,
    "description": undefined,
    "isDeprecated": false,
    "name": "COUNT",
    "value": "count",
  },
]
`;
