// Jest Snapshot v1, https://goo.gl/fbAQLP

exports[`Test Schema Types 1`] = `
Object {
  "AddCommentInput": "AddCommentInput",
  "AddCommentPayload": "AddCommentPayload",
  "Audio": "Audio",
  "AudioDetails": "AudioDetails",
  "Avatar": "Avatar",
  "Boolean": "Boolean",
  "COMMENT_ORDERBY": "COMMENT_ORDERBY",
  "COMMENT_STATUS": "COMMENT_STATUS",
  "Caption": "Caption",
  "Category": "Category",
  "Chart": "Chart",
  "ChartItem": "ChartItem",
  "ChartItemImage": "ChartItemImage",
  "Comment": "Comment",
  "CommentConnection": "CommentConnection",
  "CommentEdge": "CommentEdge",
  "Content": "Content",
  "ContentNode": "ContentNode",
  "DeleteCommentInput": "DeleteCommentInput",
  "DeleteCommentPayload": "DeleteCommentPayload",
  "Description": "Description",
  "Element": "Element",
  "Embed": "Embed",
  "Excerpt": "Excerpt",
  "FORMAT": "FORMAT",
  "Guid": "Guid",
  "ID": "ID",
  "Image": "Image",
  "ImageDetails": "ImageDetails",
  "Int": "Int",
  "Labels": "Labels",
  "MEDIA_TYPE": "MEDIA_TYPE",
  "Media": "Media",
  "MediaInterface": "MediaInterface",
  "MediaSize": "MediaSize",
  "Meta": "Meta",
  "Mutation": "Mutation",
  "NavMenu": "NavMenu",
  "NavMenuItem": "NavMenuItem",
  "Node": "Node",
  "ORDER": "ORDER",
  "PING_STATUS": "PING_STATUS",
  "POST_ORDERBY": "POST_ORDERBY",
  "Page": "Page",
  "PageInfo": "PageInfo",
  "Post": "Post",
  "PostConnection": "PostConnection",
  "PostEdge": "PostEdge",
  "PostInterface": "PostInterface",
  "Query": "Query",
  "Rewrite": "Rewrite",
  "Settings": "Settings",
  "Sidebar": "Sidebar",
  "String": "String",
  "Tag": "Tag",
  "Taxonomy": "Taxonomy",
  "TermInterface": "TermInterface",
  "Text": "Text",
  "Title": "Title",
  "UpdateCommentInput": "UpdateCommentInput",
  "UpdateCommentPayload": "UpdateCommentPayload",
  "User": "User",
  "Video": "Video",
  "VideoDetails": "VideoDetails",
  "Viewer": "Viewer",
  "Widget": "Widget",
  "__Directive": "__Directive",
  "__DirectiveLocation": "__DirectiveLocation",
  "__EnumValue": "__EnumValue",
  "__Field": "__Field",
  "__InputValue": "__InputValue",
  "__Schema": "__Schema",
  "__Type": "__Type",
  "__TypeKind": "__TypeKind",
}
`;
