// Jest Snapshot v1, https://goo.gl/fbAQLP

exports[`Test schema type field definition Test description field 1`] = `"String"`;
