// Jest Snapshot v1, https://goo.gl/fbAQLP

exports[`Test schema type field definition Test protected field 1`] = `"Boolean"`;
